
> tailadmin-react@2.1.0 build
> tsc -b && vite build

src/pages/Dashboard/OfficerDetailsPage.tsx(6,5): error TS6133: 'EnvelopeIcon' is declared but its value is never read.
src/pages/Dashboard/OfficerDetailsPage.tsx(8,5): error TS6133: 'CalenderIcon' is declared but its value is never read.
