node_modules/@types/babel__template/index.d.ts(11,28): error TS2583: Cannot find name 'Set'. Do you need to change your target library? Try changing the 'lib' compiler option to 'es2015' or later.
node_modules/@types/babel__traverse/index.d.ts(63,15): error TS2583: Cannot find name 'WeakMap'. Do you need to change your target library? Try changing the 'lib' compiler option to 'es2015' or later.
node_modules/@types/babel__traverse/index.d.ts(63,31): error TS2583: Cannot find name 'Map'. Do you need to change your target library? Try changing the 'lib' compiler option to 'es2015' or later.
node_modules/@types/babel__traverse/index.d.ts(64,16): error TS2583: Cannot find name 'WeakMap'. Do you need to change your target library? Try changing the 'lib' compiler option to 'es2015' or later.
node_modules/@types/babel__traverse/index.d.ts(90,13): error TS2583: Cannot find name 'Map'. Do you need to change your target library? Try changing the 'lib' compiler option to 'es2015' or later.
node_modules/@types/react/index.d.ts(48,7): error TS2304: Cannot find name 'Iterable'.
node_modules/@types/react/index.d.ts(436,10): error TS2456: Type alias 'ReactNode' circularly references itself.
node_modules/@types/react/index.d.ts(441,11): error TS2304: Cannot find name 'Iterable'.
src/icons/index.ts(1,49): error TS2307: Cannot find module './alert-hexa.svg?react' or its corresponding type declarations.
src/icons/index.ts(2,45): error TS2307: Cannot find module './alert.svg?react' or its corresponding type declarations.
src/icons/index.ts(3,49): error TS2307: Cannot find module './angle-down.svg?react' or its corresponding type declarations.
src/icons/index.ts(4,49): error TS2307: Cannot find module './angle-left.svg?react' or its corresponding type declarations.
src/icons/index.ts(5,50): error TS2307: Cannot find module './angle-right.svg?react' or its corresponding type declarations.
src/icons/index.ts(6,47): error TS2307: Cannot find module './angle-up.svg?react' or its corresponding type declarations.
src/icons/index.ts(7,49): error TS2307: Cannot find module './arrow-down.svg?react' or its corresponding type declarations.
src/icons/index.ts(8,50): error TS2307: Cannot find module './arrow-right.svg?react' or its corresponding type declarations.
src/icons/index.ts(9,47): error TS2307: Cannot find module './arrow-up.svg?react' or its corresponding type declarations.
src/icons/index.ts(10,45): error TS2307: Cannot find module './audio.svg?react' or its corresponding type declarations.
src/icons/index.ts(11,44): error TS2307: Cannot find module './bolt.svg?react' or its corresponding type declarations.
src/icons/index.ts(12,47): error TS2307: Cannot find module './box-cube.svg?react' or its corresponding type declarations.
src/icons/index.ts(13,47): error TS2307: Cannot find module './box-line.svg?react' or its corresponding type declarations.
src/icons/index.ts(14,43): error TS2307: Cannot find module './box.svg?react' or its corresponding type declarations.
src/icons/index.ts(15,48): error TS2307: Cannot find module './calendar.svg?react' or its corresponding type declarations.
src/icons/index.ts(16,52): error TS2307: Cannot find module './calender-line.svg?react' or its corresponding type declarations.
src/icons/index.ts(17,44): error TS2307: Cannot find module './chat.svg?react' or its corresponding type declarations.
src/icons/index.ts(18,51): error TS2307: Cannot find module './check-circle.svg?react' or its corresponding type declarations.
src/icons/index.ts(19,49): error TS2307: Cannot find module './check-line.svg?react' or its corresponding type declarations.
src/icons/index.ts(20,51): error TS2307: Cannot find module './chevron-down.svg?react' or its corresponding type declarations.
src/icons/index.ts(21,51): error TS2307: Cannot find module './chevron-left.svg?react' or its corresponding type declarations.
src/icons/index.ts(22,49): error TS2307: Cannot find module './chevron-up.svg?react' or its corresponding type declarations.
src/icons/index.ts(23,49): error TS2307: Cannot find module './close-line.svg?react' or its corresponding type declarations.
src/icons/index.ts(24,45): error TS2307: Cannot find module './close.svg?react' or its corresponding type declarations.
src/icons/index.ts(25,44): error TS2307: Cannot find module './copy.svg?react' or its corresponding type declarations.
src/icons/index.ts(26,44): error TS2307: Cannot find module './docs.svg?react' or its corresponding type declarations.
src/icons/index.ts(27,50): error TS2307: Cannot find module './dollar-line.svg?react' or its corresponding type declarations.
src/icons/index.ts(28,48): error TS2307: Cannot find module './download.svg?react' or its corresponding type declarations.
src/icons/index.ts(29,48): error TS2307: Cannot find module './envelope.svg?react' or its corresponding type declarations.
src/icons/index.ts(30,48): error TS2307: Cannot find module './eye-close.svg?react' or its corresponding type declarations.
src/icons/index.ts(31,43): error TS2307: Cannot find module './eye.svg?react' or its corresponding type declarations.
src/icons/index.ts(32,44): error TS2307: Cannot find module './file.svg?react' or its corresponding type declarations.
src/icons/index.ts(33,46): error TS2307: Cannot find module './folder.svg?react' or its corresponding type declarations.
src/icons/index.ts(34,44): error TS2307: Cannot find module './grid.svg?react' or its corresponding type declarations.
src/icons/index.ts(35,45): error TS2307: Cannot find module './group.svg?react' or its corresponding type declarations.
src/icons/index.ts(36,50): error TS2307: Cannot find module './horizontal-dots.svg?react' or its corresponding type declarations.
src/icons/index.ts(37,49): error TS2307: Cannot find module './info-error.svg?react' or its corresponding type declarations.
src/icons/index.ts(38,48): error TS2307: Cannot find module './info-hexa.svg?react' or its corresponding type declarations.
src/icons/index.ts(39,44): error TS2307: Cannot find module './info.svg?react' or its corresponding type declarations.
src/icons/index.ts(40,44): error TS2307: Cannot find module './list.svg?react' or its corresponding type declarations.
src/icons/index.ts(41,44): error TS2307: Cannot find module './lock.svg?react' or its corresponding type declarations.
src/icons/index.ts(42,46): error TS2307: Cannot find module './logout.svg?react' or its corresponding type declarations.
src/icons/index.ts(45,46): error TS2307: Cannot find module './copy.svg?react' or its corresponding type declarations.
src/icons/index.ts(46,48): error TS2307: Cannot find module './close.svg?react' or its corresponding type declarations.
src/icons/index.ts(47,50): error TS2307: Cannot find module './group.svg?react' or its corresponding type declarations.
src/icons/index.ts(48,44): error TS2307: Cannot find module './group.svg?react' or its corresponding type declarations.
src/icons/index.ts(49,47): error TS2307: Cannot find module './box-cube.svg?react' or its corresponding type declarations.
src/icons/index.ts(50,45): error TS2307: Cannot find module './audio.svg?react' or its corresponding type declarations.
src/icons/index.ts(51,44): error TS2307: Cannot find module './check-line.svg?react' or its corresponding type declarations.
src/icons/index.ts(52,49): error TS2307: Cannot find module './dollar-line.svg?react' or its corresponding type declarations.
src/icons/index.ts(53,47): error TS2307: Cannot find module './horizontal-dots.svg?react' or its corresponding type declarations.
src/icons/index.ts(54,47): error TS2307: Cannot find module './box-line.svg?react' or its corresponding type declarations.
src/icons/index.ts(55,54): error TS2307: Cannot find module './group.svg?react' or its corresponding type declarations.
src/icons/index.ts(56,48): error TS2307: Cannot find module './calendar.svg?react' or its corresponding type declarations.
src/icons/index.ts(57,44): error TS2307: Cannot find module './calendar.svg?react' or its corresponding type declarations.
src/icons/index.ts(58,45): error TS2307: Cannot find module './bolt.svg?react' or its corresponding type declarations.
src/icons/index.ts(59,45): error TS2307: Cannot find module './grid.svg?react' or its corresponding type declarations.
