src/services/paymentService.ts(2,1): error TS6133: 'api' is declared but its value is never read.
src/services/paymentService.ts(39,40): error TS6133: 'page' is declared but its value is never read.
src/services/paymentService.ts(39,58): error TS6133: 'limit' is declared but its value is never read.
